// Jest Snapshot v1, https://goo.gl/fbAQLP

exports[`renders homepage unchanged 1`] = `
<div>
  <main>
    <div
      class="MuiContainer-root MuiContainer-maxWidthLg css-1oqqzyl-MuiContainer-root"
    >
      <div
        class="MuiGrid-root MuiGrid-container MuiGrid-spacing-xs-2 css-mhc70k-MuiGrid-root"
      >
        <div
          class="MuiGrid-root MuiGrid-item MuiGrid-grid-xs-4 css-gj1fbr-MuiGrid-root"
        >
          <div
            class="css-w004l2-MuiStack-root"
          >
            <h2
              class="MuiTypography-root MuiTypography-h2 MuiTypography-alignCenter MuiTypography-gutterBottom css-10759ka-MuiTypography-root"
            >
              Welcome to World Weather!
            </h2>
            <p
              class="MuiTypography-root MuiTypography-h6 MuiTypography-alignCenter MuiTypography-paragraph css-1wu2fk9-MuiTypography-root"
            >
              Get started by finding a city and then check the weather.
            </p>
            <button
              class="MuiButton-root MuiButton-contained MuiButton-containedPrimary MuiButton-sizeMedium MuiButton-containedSizeMedium MuiButtonBase-root Mui-disabled  css-sghohy-MuiButtonBase-root-MuiButton-root"
              disabled=""
              tabindex="-1"
              type="button"
            >
              Check the weather!
            </button>
          </div>
        </div>
      </div>
    </div>
  </main>
  <footer>
    <h6
      class="MuiTypography-root MuiTypography-h6 MuiTypography-alignCenter MuiTypography-gutterBottom css-tcrtuv-MuiTypography-root"
    >
      This side project is made with
      <svg
        aria-hidden="true"
        class="MuiSvgIcon-root MuiSvgIcon-fontSizeSmall css-fr0ls5-MuiSvgIcon-root"
        data-testid="FavoriteIcon"
        focusable="false"
        viewBox="0 0 24 24"
      >
        <path
          d="m12 21.35-1.45-1.32C5.4 15.36 2 12.28 2 8.5 2 5.42 4.42 3 7.5 3c1.74 0 3.41.81 4.5 2.09C13.09 3.81 14.76 3 16.5 3 19.58 3 22 5.42 22 8.5c0 3.78-3.4 6.86-8.55 11.54L12 21.35z"
        />
      </svg>
       by
      <a
        href="https://github.com/YasminTeles"
      >
        Yasmin Teles
      </a>
    </h6>
  </footer>
</div>
`;
